#-----------------------------------------------------------
# Vivado v2018.2 (64-bit)
# SW Build 2258646 on Thu Jun 14 20:03:12 MDT 2018
# IP Build 2256618 on Thu Jun 14 22:10:49 MDT 2018
# Start of session at: Mon Nov 26 13:00:10 2018
# Process ID: 7988
# Current directory: C:/Users/Dismas/Desktop/VHDL_parameterizable_multiplier_project_5/parameterizable_multiplier
# Command line: vivado.exe -gui_launcher_event rodinguilauncherevent3864 C:\Users\Dismas\Desktop\VHDL_parameterizable_multiplier_project_5\parameterizable_multiplier\parameterizable_multiplier.xpr
# Log file: C:/Users/Dismas/Desktop/VHDL_parameterizable_multiplier_project_5/parameterizable_multiplier/vivado.log
# Journal file: C:/Users/Dismas/Desktop/VHDL_parameterizable_multiplier_project_5/parameterizable_multiplier\vivado.jou
#-----------------------------------------------------------
start_gui
open_project C:/Users/Dismas/Desktop/VHDL_parameterizable_multiplier_project_5/parameterizable_multiplier/parameterizable_multiplier.xpr
update_compile_order -fileset sources_1
update_compile_order -fileset sources_1
launch_simulation
source multiplier_tb.tcl
restart
run 13 us
restart
run 1 us
restart
run 250 ns
restart
run 250 ns
restart
run 250 ns
restart
run 160 ns
close_sim
launch_simulation
source multiplier_tb.tcl
restart
run 160 ns
restart
run 160 ns
close_sim
launch_simulation
source multiplier_tb.tcl
restart
run 160 ns
step
restart
run 20 ns
close_sim
launch_simulation
source multiplier_tb.tcl
