#-----------------------------------------------------------
# Vivado v2018.2 (64-bit)
# SW Build 2258646 on Thu Jun 14 20:03:12 MDT 2018
# IP Build 2256618 on Thu Jun 14 22:10:49 MDT 2018
# Start of session at: Fri Nov 16 18:27:23 2018
# Process ID: 7960
# Current directory: C:/Users/Dismas/Desktop/VHDL_parameterizable_multiplier_project_5/parameterizable_adder_project
# Command line: vivado.exe -gui_launcher_event rodinguilauncherevent3428 C:\Users\Dismas\Desktop\VHDL_parameterizable_multiplier_project_5\parameterizable_adder_project\parameterizable_adder_project.xpr
# Log file: C:/Users/Dismas/Desktop/VHDL_parameterizable_multiplier_project_5/parameterizable_adder_project/vivado.log
# Journal file: C:/Users/Dismas/Desktop/VHDL_parameterizable_multiplier_project_5/parameterizable_adder_project\vivado.jou
#-----------------------------------------------------------
start_gui
open_project C:/Users/Dismas/Desktop/VHDL_parameterizable_multiplier_project_5/parameterizable_adder_project/parameterizable_adder_project.xpr
update_compile_order -fileset sources_1
file mkdir C:/Users/Dismas/Desktop/VHDL_parameterizable_multiplier_project_5/parameterizable_adder_project/parameterizable_adder_project.srcs/sim_1/new
set_property SOURCE_SET sources_1 [get_filesets sim_1]
close [ open C:/Users/Dismas/Desktop/VHDL_parameterizable_multiplier_project_5/parameterizable_adder_project/parameterizable_adder_project.srcs/sim_1/new/four_bits_RCA_tb.vhd w ]
add_files -fileset sim_1 C:/Users/Dismas/Desktop/VHDL_parameterizable_multiplier_project_5/parameterizable_adder_project/parameterizable_adder_project.srcs/sim_1/new/four_bits_RCA_tb.vhd
update_compile_order -fileset sim_1
update_compile_order -fileset sim_1
launch_simulation
launch_simulation
source four_bits_RCA_tb.tcl
restart
run 160 ns
close_sim
launch_simulation
source four_bits_RCA_tb.tcl
restart
run 40 ns
close_sim
launch_simulation
source four_bits_RCA_tb.tcl
restart
run 80 ns
synth_design -rtl -name rtl_1
synth_design -rtl -name rtl_1
set_property IOSTANDARD LVCMOS33 [get_ports [list {A[3]} {A[2]} {A[1]} {A[0]}]]
set_property IOSTANDARD LVCMOS33 [get_ports [list {B[3]} {B[2]} {B[1]} {B[0]}]]
set_property IOSTANDARD LVCMOS33 [get_ports [list {SUM[4]} {SUM[3]} {SUM[2]} {SUM[1]} {SUM[0]}]]
place_ports {A[3]} R15
place_ports {A[2]} M13
place_ports {A[1]} L16
place_ports {A[0]} J15
place_ports {B[3]} V10
place_ports {B[2]} U11
place_ports {B[1]} U12
place_ports {B[0]} H6
place_ports {SUM[4]} R18
place_ports {SUM[3]} N14
place_ports {SUM[2]} J13
place_ports {SUM[1]} K15
place_ports {SUM[0]} H17
set_property IOSTANDARD LVCMOS33 [get_ports [list C_in]]
set_property IOSTANDARD LVCMOS33 [get_ports [list C_out]]
place_ports C_in R17
place_ports C_out V11
file mkdir C:/Users/Dismas/Desktop/VHDL_parameterizable_multiplier_project_5/parameterizable_adder_project/parameterizable_adder_project.srcs/constrs_1/new
close [ open C:/Users/Dismas/Desktop/VHDL_parameterizable_multiplier_project_5/parameterizable_adder_project/parameterizable_adder_project.srcs/constrs_1/new/four_bits_RCA.xdc w ]
add_files -fileset constrs_1 C:/Users/Dismas/Desktop/VHDL_parameterizable_multiplier_project_5/parameterizable_adder_project/parameterizable_adder_project.srcs/constrs_1/new/four_bits_RCA.xdc
set_property target_constrs_file C:/Users/Dismas/Desktop/VHDL_parameterizable_multiplier_project_5/parameterizable_adder_project/parameterizable_adder_project.srcs/constrs_1/new/four_bits_RCA.xdc [current_fileset -constrset]
save_constraints -force
launch_runs impl_1 -to_step write_bitstream -jobs 2
wait_on_run impl_1
close_sim
launch_simulation
source four_bits_RCA_tb.tcl
update_compile_order -fileset sim_1
reset_run impl_1 -prev_step 
launch_runs impl_1 -to_step write_bitstream -jobs 2
wait_on_run impl_1
reset_run impl_1 -prev_step 
launch_runs impl_1 -to_step write_bitstream -jobs 2
wait_on_run impl_1
open_run impl_1
current_design rtl_1
place_ports C_in A9
place_ports C_in R17
save_constraints
reset_run impl_1 -prev_step 
launch_runs impl_1 -to_step write_bitstream -jobs 2
wait_on_run impl_1
open_hw
connect_hw_server
open_hw_target
current_hw_device [get_hw_devices xc7a100t_0]
refresh_hw_device -update_hw_probes false [lindex [get_hw_devices xc7a100t_0] 0]
reset_run synth_1
launch_runs impl_1 -to_step write_bitstream -jobs 2
wait_on_run impl_1
set_property PROBES.FILE {} [get_hw_devices xc7a100t_0]
set_property FULL_PROBES.FILE {} [get_hw_devices xc7a100t_0]
set_property PROGRAM.FILE {C:/Users/Dismas/Desktop/VHDL_parameterizable_multiplier_project_5/parameterizable_adder_project/parameterizable_adder_project.runs/impl_1/four_bits_RCA.bit} [get_hw_devices xc7a100t_0]
program_hw_devices [get_hw_devices xc7a100t_0]
refresh_hw_device [lindex [get_hw_devices xc7a100t_0] 0]
close_sim
launch_simulation
source four_bits_RCA_tb.tcl
update_compile_order -fileset sim_1
restart
run 160 ns
